[ERROR] 2026-08-23 14:52:18,760 django.request - Internal Server Error: /
Traceback (most recent call last):
  File "C:\Users\Omar Faruk\Desktop\E-Shop\.venv\Lib\site-packages\django\core\handlers\exception.py", line 55, in inner
    response = get_response(request)
  File "C:\Users\Omar Faruk\Desktop\E-Shop\.venv\Lib\site-packages\django\core\handlers\base.py", line 197, in _get_response
    response = wrapped_callback(request, *callback_args, **callback_kwargs)
  File "C:\Users\Omar Faruk\Desktop\E-Shop\.venv\Lib\site-packages\django\views\generic\base.py", line 105, in view
    return self.dispatch(request, *args, **kwargs)
           ~~~~~~~~~~~~~^^^^^^^^^^^^^^^^^^^^^^^^^^
  File "C:\Users\Omar Faruk\Desktop\E-Shop\.venv\Lib\site-packages\django\views\generic\base.py", line 144, in dispatch
    return handler(request, *args, **kwargs)
  File "C:\Users\Omar Faruk\Desktop\E-Shop\store\views.py", line 6, in get
    return render(request, 'store/home.html')
  File "C:\Users\Omar Faruk\Desktop\E-Shop\.venv\Lib\site-packages\django\shortcuts.py", line 25, in render
    content = loader.render_to_string(template_name, context, request, using=using)
  File "C:\Users\Omar Faruk\Desktop\E-Shop\.venv\Lib\site-packages\django\template\loader.py", line 61, in render_to_string
    template = get_template(template_name, using=using)
  File "C:\Users\Omar Faruk\Desktop\E-Shop\.venv\Lib\site-packages\django\template\loader.py", line 19, in get_template
    raise TemplateDoesNotExist(template_name, chain=chain)
django.template.exceptions.TemplateDoesNotExist: store/home.html
[ERROR] 2026-08-23 14:52:18,766 django.server - "GET / HTTP/1.1" 500 106347
[ERROR] 2026-08-23 14:55:03,891 django.request - Internal Server Error: /
Traceback (most recent call last):
  File "C:\Users\Omar Faruk\Desktop\E-Shop\.venv\Lib\site-packages\django\template\base.py", line 511, in parse
    compile_func = self.tags[command]
                   ~~~~~~~~~^^^^^^^^^
KeyError: 'static'

During handling of the above exception, another exception occurred:

Traceback (most recent call last):
  File "C:\Users\Omar Faruk\Desktop\E-Shop\.venv\Lib\site-packages\django\core\handlers\exception.py", line 55, in inner
    response = get_response(request)
  File "C:\Users\Omar Faruk\Desktop\E-Shop\.venv\Lib\site-packages\django\core\handlers\base.py", line 197, in _get_response
    response = wrapped_callback(request, *callback_args, **callback_kwargs)
  File "C:\Users\Omar Faruk\Desktop\E-Shop\.venv\Lib\site-packages\django\views\generic\base.py", line 105, in view
    return self.dispatch(request, *args, **kwargs)
           ~~~~~~~~~~~~~^^^^^^^^^^^^^^^^^^^^^^^^^^
  File "C:\Users\Omar Faruk\Desktop\E-Shop\.venv\Lib\site-packages\django\views\generic\base.py", line 144, in dispatch
    return handler(request, *args, **kwargs)
  File "C:\Users\Omar Faruk\Desktop\E-Shop\store\views.py", line 6, in get
    return render(request, 'store/home.html')
  File "C:\Users\Omar Faruk\Desktop\E-Shop\.venv\Lib\site-packages\django\shortcuts.py", line 25, in render
    content = loader.render_to_string(template_name, context, request, using=using)
  File "C:\Users\Omar Faruk\Desktop\E-Shop\.venv\Lib\site-packages\django\template\loader.py", line 62, in render_to_string
    return template.render(context, request)
           ~~~~~~~~~~~~~~~^^^^^^^^^^^^^^^^^^
  File "C:\Users\Omar Faruk\Desktop\E-Shop\.venv\Lib\site-packages\django\template\backends\django.py", line 107, in render
    return self.template.render(context)
           ~~~~~~~~~~~~~~~~~~~~^^^^^^^^^
  File "C:\Users\Omar Faruk\Desktop\E-Shop\.venv\Lib\site-packages\django\template\base.py", line 172, in render
    return self._render(context)
           ~~~~~~~~~~~~^^^^^^^^^
  File "C:\Users\Omar Faruk\Desktop\E-Shop\.venv\Lib\site-packages\django\template\base.py", line 164, in _render
    return self.nodelist.render(context)
           ~~~~~~~~~~~~~~~~~~~~^^^^^^^^^
  File "C:\Users\Omar Faruk\Desktop\E-Shop\.venv\Lib\site-packages\django\template\base.py", line 1018, in render
    return SafeString("".join([node.render_annotated(context) for node in self]))
                               ~~~~~~~~~~~~~~~~~~~~~^^^^^^^^^
  File "C:\Users\Omar Faruk\Desktop\E-Shop\.venv\Lib\site-packages\django\template\base.py", line 979, in render_annotated
    return self.render(context)
           ~~~~~~~~~~~^^^^^^^^^
  File "C:\Users\Omar Faruk\Desktop\E-Shop\.venv\Lib\site-packages\django\template\loader_tags.py", line 134, in render
    compiled_parent = self.get_parent(context)
  File "C:\Users\Omar Faruk\Desktop\E-Shop\.venv\Lib\site-packages\django\template\loader_tags.py", line 131, in get_parent
    return self.find_template(parent, context)
           ~~~~~~~~~~~~~~~~~~^^^^^^^^^^^^^^^^^
  File "C:\Users\Omar Faruk\Desktop\E-Shop\.venv\Lib\site-packages\django\template\loader_tags.py", line 109, in find_template
    template, origin = context.template.engine.find_template(
                       ~~~~~~~~~~~~~~~~~~~~~~~~~~~~~~~~~~~~~^
        template_name,
        ^^^^^^^^^^^^^^
        skip=history,
        ^^^^^^^^^^^^^
    )
    ^
  File "C:\Users\Omar Faruk\Desktop\E-Shop\.venv\Lib\site-packages\django\template\engine.py", line 159, in find_template
    template = loader.get_template(name, skip=skip)
  File "C:\Users\Omar Faruk\Desktop\E-Shop\.venv\Lib\site-packages\django\template\loaders\cached.py", line 57, in get_template
    template = super().get_template(template_name, skip)
  File "C:\Users\Omar Faruk\Desktop\E-Shop\.venv\Lib\site-packages\django\template\loaders\base.py", line 28, in get_template
    return Template(
        contents,
    ...<2 lines>...
        self.engine,
    )
  File "C:\Users\Omar Faruk\Desktop\E-Shop\.venv\Lib\site-packages\django\template\base.py", line 155, in __init__
    self.nodelist = self.compile_nodelist()
                    ~~~~~~~~~~~~~~~~~~~~~^^
  File "C:\Users\Omar Faruk\Desktop\E-Shop\.venv\Lib\site-packages\django\template\base.py", line 197, in compile_nodelist
    nodelist = parser.parse()
  File "C:\Users\Omar Faruk\Desktop\E-Shop\.venv\Lib\site-packages\django\template\base.py", line 513, in parse
    self.invalid_block_tag(token, command, parse_until)
    ~~~~~~~~~~~~~~~~~~~~~~^^^^^^^^^^^^^^^^^^^^^^^^^^^^^
  File "C:\Users\Omar Faruk\Desktop\E-Shop\.venv\Lib\site-packages\django\template\base.py", line 578, in invalid_block_tag
    raise self.error(
    ...<3 lines>...
    )
django.template.exceptions.TemplateSyntaxError: Invalid block tag on line 16: 'static'. Did you forget to register or load this tag?
[ERROR] 2026-08-23 14:55:03,902 django.server - "GET / HTTP/1.1" 500 200359
[ERROR] 2026-08-23 14:55:40,455 django.request - Internal Server Error: /
Traceback (most recent call last):
  File "C:\Users\Omar Faruk\Desktop\E-Shop\.venv\Lib\site-packages\django\template\base.py", line 511, in parse
    compile_func = self.tags[command]
                   ~~~~~~~~~^^^^^^^^^
KeyError: 'static'

During handling of the above exception, another exception occurred:

Traceback (most recent call last):
  File "C:\Users\Omar Faruk\Desktop\E-Shop\.venv\Lib\site-packages\django\core\handlers\exception.py", line 55, in inner
    response = get_response(request)
  File "C:\Users\Omar Faruk\Desktop\E-Shop\.venv\Lib\site-packages\django\core\handlers\base.py", line 197, in _get_response
    response = wrapped_callback(request, *callback_args, **callback_kwargs)
  File "C:\Users\Omar Faruk\Desktop\E-Shop\.venv\Lib\site-packages\django\views\generic\base.py", line 105, in view
    return self.dispatch(request, *args, **kwargs)
           ~~~~~~~~~~~~~^^^^^^^^^^^^^^^^^^^^^^^^^^
  File "C:\Users\Omar Faruk\Desktop\E-Shop\.venv\Lib\site-packages\django\views\generic\base.py", line 144, in dispatch
    return handler(request, *args, **kwargs)
  File "C:\Users\Omar Faruk\Desktop\E-Shop\store\views.py", line 6, in get
    return render(request, 'store/home.html')
  File "C:\Users\Omar Faruk\Desktop\E-Shop\.venv\Lib\site-packages\django\shortcuts.py", line 25, in render
    content = loader.render_to_string(template_name, context, request, using=using)
  File "C:\Users\Omar Faruk\Desktop\E-Shop\.venv\Lib\site-packages\django\template\loader.py", line 62, in render_to_string
    return template.render(context, request)
           ~~~~~~~~~~~~~~~^^^^^^^^^^^^^^^^^^
  File "C:\Users\Omar Faruk\Desktop\E-Shop\.venv\Lib\site-packages\django\template\backends\django.py", line 107, in render
    return self.template.render(context)
           ~~~~~~~~~~~~~~~~~~~~^^^^^^^^^
  File "C:\Users\Omar Faruk\Desktop\E-Shop\.venv\Lib\site-packages\django\template\base.py", line 172, in render
    return self._render(context)
           ~~~~~~~~~~~~^^^^^^^^^
  File "C:\Users\Omar Faruk\Desktop\E-Shop\.venv\Lib\site-packages\django\template\base.py", line 164, in _render
    return self.nodelist.render(context)
           ~~~~~~~~~~~~~~~~~~~~^^^^^^^^^
  File "C:\Users\Omar Faruk\Desktop\E-Shop\.venv\Lib\site-packages\django\template\base.py", line 1018, in render
    return SafeString("".join([node.render_annotated(context) for node in self]))
                               ~~~~~~~~~~~~~~~~~~~~~^^^^^^^^^
  File "C:\Users\Omar Faruk\Desktop\E-Shop\.venv\Lib\site-packages\django\template\base.py", line 979, in render_annotated
    return self.render(context)
           ~~~~~~~~~~~^^^^^^^^^
  File "C:\Users\Omar Faruk\Desktop\E-Shop\.venv\Lib\site-packages\django\template\loader_tags.py", line 134, in render
    compiled_parent = self.get_parent(context)
  File "C:\Users\Omar Faruk\Desktop\E-Shop\.venv\Lib\site-packages\django\template\loader_tags.py", line 131, in get_parent
    return self.find_template(parent, context)
           ~~~~~~~~~~~~~~~~~~^^^^^^^^^^^^^^^^^
  File "C:\Users\Omar Faruk\Desktop\E-Shop\.venv\Lib\site-packages\django\template\loader_tags.py", line 109, in find_template
    template, origin = context.template.engine.find_template(
                       ~~~~~~~~~~~~~~~~~~~~~~~~~~~~~~~~~~~~~^
        template_name,
        ^^^^^^^^^^^^^^
        skip=history,
        ^^^^^^^^^^^^^
    )
    ^
  File "C:\Users\Omar Faruk\Desktop\E-Shop\.venv\Lib\site-packages\django\template\engine.py", line 159, in find_template
    template = loader.get_template(name, skip=skip)
  File "C:\Users\Omar Faruk\Desktop\E-Shop\.venv\Lib\site-packages\django\template\loaders\cached.py", line 57, in get_template
    template = super().get_template(template_name, skip)
  File "C:\Users\Omar Faruk\Desktop\E-Shop\.venv\Lib\site-packages\django\template\loaders\base.py", line 28, in get_template
    return Template(
        contents,
    ...<2 lines>...
        self.engine,
    )
  File "C:\Users\Omar Faruk\Desktop\E-Shop\.venv\Lib\site-packages\django\template\base.py", line 155, in __init__
    self.nodelist = self.compile_nodelist()
                    ~~~~~~~~~~~~~~~~~~~~~^^
  File "C:\Users\Omar Faruk\Desktop\E-Shop\.venv\Lib\site-packages\django\template\base.py", line 197, in compile_nodelist
    nodelist = parser.parse()
  File "C:\Users\Omar Faruk\Desktop\E-Shop\.venv\Lib\site-packages\django\template\base.py", line 513, in parse
    self.invalid_block_tag(token, command, parse_until)
    ~~~~~~~~~~~~~~~~~~~~~~^^^^^^^^^^^^^^^^^^^^^^^^^^^^^
  File "C:\Users\Omar Faruk\Desktop\E-Shop\.venv\Lib\site-packages\django\template\base.py", line 578, in invalid_block_tag
    raise self.error(
    ...<3 lines>...
    )
django.template.exceptions.TemplateSyntaxError: Invalid block tag on line 16: 'static'. Did you forget to register or load this tag?
[ERROR] 2026-08-23 14:55:40,496 django.server - "GET / HTTP/1.1" 500 200359
[ERROR] 2026-08-23 14:55:42,533 django.request - Internal Server Error: /
Traceback (most recent call last):
  File "C:\Users\Omar Faruk\Desktop\E-Shop\.venv\Lib\site-packages\django\template\base.py", line 511, in parse
    compile_func = self.tags[command]
                   ~~~~~~~~~^^^^^^^^^
KeyError: 'static'

During handling of the above exception, another exception occurred:

Traceback (most recent call last):
  File "C:\Users\Omar Faruk\Desktop\E-Shop\.venv\Lib\site-packages\django\core\handlers\exception.py", line 55, in inner
    response = get_response(request)
  File "C:\Users\Omar Faruk\Desktop\E-Shop\.venv\Lib\site-packages\django\core\handlers\base.py", line 197, in _get_response
    response = wrapped_callback(request, *callback_args, **callback_kwargs)
  File "C:\Users\Omar Faruk\Desktop\E-Shop\.venv\Lib\site-packages\django\views\generic\base.py", line 105, in view
    return self.dispatch(request, *args, **kwargs)
           ~~~~~~~~~~~~~^^^^^^^^^^^^^^^^^^^^^^^^^^
  File "C:\Users\Omar Faruk\Desktop\E-Shop\.venv\Lib\site-packages\django\views\generic\base.py", line 144, in dispatch
    return handler(request, *args, **kwargs)
  File "C:\Users\Omar Faruk\Desktop\E-Shop\store\views.py", line 6, in get
    return render(request, 'store/home.html')
  File "C:\Users\Omar Faruk\Desktop\E-Shop\.venv\Lib\site-packages\django\shortcuts.py", line 25, in render
    content = loader.render_to_string(template_name, context, request, using=using)
  File "C:\Users\Omar Faruk\Desktop\E-Shop\.venv\Lib\site-packages\django\template\loader.py", line 62, in render_to_string
    return template.render(context, request)
           ~~~~~~~~~~~~~~~^^^^^^^^^^^^^^^^^^
  File "C:\Users\Omar Faruk\Desktop\E-Shop\.venv\Lib\site-packages\django\template\backends\django.py", line 107, in render
    return self.template.render(context)
           ~~~~~~~~~~~~~~~~~~~~^^^^^^^^^
  File "C:\Users\Omar Faruk\Desktop\E-Shop\.venv\Lib\site-packages\django\template\base.py", line 172, in render
    return self._render(context)
           ~~~~~~~~~~~~^^^^^^^^^
  File "C:\Users\Omar Faruk\Desktop\E-Shop\.venv\Lib\site-packages\django\template\base.py", line 164, in _render
    return self.nodelist.render(context)
           ~~~~~~~~~~~~~~~~~~~~^^^^^^^^^
  File "C:\Users\Omar Faruk\Desktop\E-Shop\.venv\Lib\site-packages\django\template\base.py", line 1018, in render
    return SafeString("".join([node.render_annotated(context) for node in self]))
                               ~~~~~~~~~~~~~~~~~~~~~^^^^^^^^^
  File "C:\Users\Omar Faruk\Desktop\E-Shop\.venv\Lib\site-packages\django\template\base.py", line 979, in render_annotated
    return self.render(context)
           ~~~~~~~~~~~^^^^^^^^^
  File "C:\Users\Omar Faruk\Desktop\E-Shop\.venv\Lib\site-packages\django\template\loader_tags.py", line 134, in render
    compiled_parent = self.get_parent(context)
  File "C:\Users\Omar Faruk\Desktop\E-Shop\.venv\Lib\site-packages\django\template\loader_tags.py", line 131, in get_parent
    return self.find_template(parent, context)
           ~~~~~~~~~~~~~~~~~~^^^^^^^^^^^^^^^^^
  File "C:\Users\Omar Faruk\Desktop\E-Shop\.venv\Lib\site-packages\django\template\loader_tags.py", line 109, in find_template
    template, origin = context.template.engine.find_template(
                       ~~~~~~~~~~~~~~~~~~~~~~~~~~~~~~~~~~~~~^
        template_name,
        ^^^^^^^^^^^^^^
        skip=history,
        ^^^^^^^^^^^^^
    )
    ^
  File "C:\Users\Omar Faruk\Desktop\E-Shop\.venv\Lib\site-packages\django\template\engine.py", line 159, in find_template
    template = loader.get_template(name, skip=skip)
  File "C:\Users\Omar Faruk\Desktop\E-Shop\.venv\Lib\site-packages\django\template\loaders\cached.py", line 57, in get_template
    template = super().get_template(template_name, skip)
  File "C:\Users\Omar Faruk\Desktop\E-Shop\.venv\Lib\site-packages\django\template\loaders\base.py", line 28, in get_template
    return Template(
        contents,
    ...<2 lines>...
        self.engine,
    )
  File "C:\Users\Omar Faruk\Desktop\E-Shop\.venv\Lib\site-packages\django\template\base.py", line 155, in __init__
    self.nodelist = self.compile_nodelist()
                    ~~~~~~~~~~~~~~~~~~~~~^^
  File "C:\Users\Omar Faruk\Desktop\E-Shop\.venv\Lib\site-packages\django\template\base.py", line 197, in compile_nodelist
    nodelist = parser.parse()
  File "C:\Users\Omar Faruk\Desktop\E-Shop\.venv\Lib\site-packages\django\template\base.py", line 513, in parse
    self.invalid_block_tag(token, command, parse_until)
    ~~~~~~~~~~~~~~~~~~~~~~^^^^^^^^^^^^^^^^^^^^^^^^^^^^^
  File "C:\Users\Omar Faruk\Desktop\E-Shop\.venv\Lib\site-packages\django\template\base.py", line 578, in invalid_block_tag
    raise self.error(
    ...<3 lines>...
    )
django.template.exceptions.TemplateSyntaxError: Invalid block tag on line 16: 'static'. Did you forget to register or load this tag?
[ERROR] 2026-08-23 14:55:42,543 django.server - "GET / HTTP/1.1" 500 200359
[ERROR] 2026-08-23 14:56:36,351 django.request - Internal Server Error: /
Traceback (most recent call last):
  File "C:\Users\Omar Faruk\Desktop\E-Shop\.venv\Lib\site-packages\django\template\base.py", line 511, in parse
    compile_func = self.tags[command]
                   ~~~~~~~~~^^^^^^^^^
KeyError: 'static'

During handling of the above exception, another exception occurred:

Traceback (most recent call last):
  File "C:\Users\Omar Faruk\Desktop\E-Shop\.venv\Lib\site-packages\django\core\handlers\exception.py", line 55, in inner
    response = get_response(request)
  File "C:\Users\Omar Faruk\Desktop\E-Shop\.venv\Lib\site-packages\django\core\handlers\base.py", line 197, in _get_response
    response = wrapped_callback(request, *callback_args, **callback_kwargs)
  File "C:\Users\Omar Faruk\Desktop\E-Shop\.venv\Lib\site-packages\django\views\generic\base.py", line 105, in view
    return self.dispatch(request, *args, **kwargs)
           ~~~~~~~~~~~~~^^^^^^^^^^^^^^^^^^^^^^^^^^
  File "C:\Users\Omar Faruk\Desktop\E-Shop\.venv\Lib\site-packages\django\views\generic\base.py", line 144, in dispatch
    return handler(request, *args, **kwargs)
  File "C:\Users\Omar Faruk\Desktop\E-Shop\store\views.py", line 6, in get
    return render(request, 'store/home.html')
  File "C:\Users\Omar Faruk\Desktop\E-Shop\.venv\Lib\site-packages\django\shortcuts.py", line 25, in render
    content = loader.render_to_string(template_name, context, request, using=using)
  File "C:\Users\Omar Faruk\Desktop\E-Shop\.venv\Lib\site-packages\django\template\loader.py", line 62, in render_to_string
    return template.render(context, request)
           ~~~~~~~~~~~~~~~^^^^^^^^^^^^^^^^^^
  File "C:\Users\Omar Faruk\Desktop\E-Shop\.venv\Lib\site-packages\django\template\backends\django.py", line 107, in render
    return self.template.render(context)
           ~~~~~~~~~~~~~~~~~~~~^^^^^^^^^
  File "C:\Users\Omar Faruk\Desktop\E-Shop\.venv\Lib\site-packages\django\template\base.py", line 172, in render
    return self._render(context)
           ~~~~~~~~~~~~^^^^^^^^^
  File "C:\Users\Omar Faruk\Desktop\E-Shop\.venv\Lib\site-packages\django\template\base.py", line 164, in _render
    return self.nodelist.render(context)
           ~~~~~~~~~~~~~~~~~~~~^^^^^^^^^
  File "C:\Users\Omar Faruk\Desktop\E-Shop\.venv\Lib\site-packages\django\template\base.py", line 1018, in render
    return SafeString("".join([node.render_annotated(context) for node in self]))
                               ~~~~~~~~~~~~~~~~~~~~~^^^^^^^^^
  File "C:\Users\Omar Faruk\Desktop\E-Shop\.venv\Lib\site-packages\django\template\base.py", line 979, in render_annotated
    return self.render(context)
           ~~~~~~~~~~~^^^^^^^^^
  File "C:\Users\Omar Faruk\Desktop\E-Shop\.venv\Lib\site-packages\django\template\loader_tags.py", line 134, in render
    compiled_parent = self.get_parent(context)
  File "C:\Users\Omar Faruk\Desktop\E-Shop\.venv\Lib\site-packages\django\template\loader_tags.py", line 131, in get_parent
    return self.find_template(parent, context)
           ~~~~~~~~~~~~~~~~~~^^^^^^^^^^^^^^^^^
  File "C:\Users\Omar Faruk\Desktop\E-Shop\.venv\Lib\site-packages\django\template\loader_tags.py", line 109, in find_template
    template, origin = context.template.engine.find_template(
                       ~~~~~~~~~~~~~~~~~~~~~~~~~~~~~~~~~~~~~^
        template_name,
        ^^^^^^^^^^^^^^
        skip=history,
        ^^^^^^^^^^^^^
    )
    ^
  File "C:\Users\Omar Faruk\Desktop\E-Shop\.venv\Lib\site-packages\django\template\engine.py", line 159, in find_template
    template = loader.get_template(name, skip=skip)
  File "C:\Users\Omar Faruk\Desktop\E-Shop\.venv\Lib\site-packages\django\template\loaders\cached.py", line 57, in get_template
    template = super().get_template(template_name, skip)
  File "C:\Users\Omar Faruk\Desktop\E-Shop\.venv\Lib\site-packages\django\template\loaders\base.py", line 28, in get_template
    return Template(
        contents,
    ...<2 lines>...
        self.engine,
    )
  File "C:\Users\Omar Faruk\Desktop\E-Shop\.venv\Lib\site-packages\django\template\base.py", line 155, in __init__
    self.nodelist = self.compile_nodelist()
                    ~~~~~~~~~~~~~~~~~~~~~^^
  File "C:\Users\Omar Faruk\Desktop\E-Shop\.venv\Lib\site-packages\django\template\base.py", line 197, in compile_nodelist
    nodelist = parser.parse()
  File "C:\Users\Omar Faruk\Desktop\E-Shop\.venv\Lib\site-packages\django\template\base.py", line 513, in parse
    self.invalid_block_tag(token, command, parse_until)
    ~~~~~~~~~~~~~~~~~~~~~~^^^^^^^^^^^^^^^^^^^^^^^^^^^^^
  File "C:\Users\Omar Faruk\Desktop\E-Shop\.venv\Lib\site-packages\django\template\base.py", line 578, in invalid_block_tag
    raise self.error(
    ...<3 lines>...
    )
django.template.exceptions.TemplateSyntaxError: Invalid block tag on line 16: 'static'. Did you forget to register or load this tag?
[ERROR] 2026-08-23 14:56:36,364 django.server - "GET / HTTP/1.1" 500 200359
[ERROR] 2026-08-24 12:21:33,040 django.request - Internal Server Error: /
Traceback (most recent call last):
  File "C:\Users\Omar Faruk\Desktop\E-Shop\.venv\Lib\site-packages\django\core\handlers\exception.py", line 55, in inner
    response = get_response(request)
  File "C:\Users\Omar Faruk\Desktop\E-Shop\.venv\Lib\site-packages\django\core\handlers\base.py", line 197, in _get_response
    response = wrapped_callback(request, *callback_args, **callback_kwargs)
  File "C:\Users\Omar Faruk\Desktop\E-Shop\.venv\Lib\site-packages\django\views\generic\base.py", line 105, in view
    return self.dispatch(request, *args, **kwargs)
           ~~~~~~~~~~~~~^^^^^^^^^^^^^^^^^^^^^^^^^^
  File "C:\Users\Omar Faruk\Desktop\E-Shop\.venv\Lib\site-packages\django\views\generic\base.py", line 144, in dispatch
    return handler(request, *args, **kwargs)
  File "C:\Users\Omar Faruk\Desktop\E-Shop\store\views.py", line 10, in get
    return render(request, "store/home.html", {"message": message})
  File "C:\Users\Omar Faruk\Desktop\E-Shop\.venv\Lib\site-packages\django\shortcuts.py", line 25, in render
    content = loader.render_to_string(template_name, context, request, using=using)
  File "C:\Users\Omar Faruk\Desktop\E-Shop\.venv\Lib\site-packages\django\template\loader.py", line 62, in render_to_string
    return template.render(context, request)
           ~~~~~~~~~~~~~~~^^^^^^^^^^^^^^^^^^
  File "C:\Users\Omar Faruk\Desktop\E-Shop\.venv\Lib\site-packages\django\template\backends\django.py", line 107, in render
    return self.template.render(context)
           ~~~~~~~~~~~~~~~~~~~~^^^^^^^^^
  File "C:\Users\Omar Faruk\Desktop\E-Shop\.venv\Lib\site-packages\django\template\base.py", line 172, in render
    return self._render(context)
           ~~~~~~~~~~~~^^^^^^^^^
  File "C:\Users\Omar Faruk\Desktop\E-Shop\.venv\Lib\site-packages\django\template\base.py", line 164, in _render
    return self.nodelist.render(context)
           ~~~~~~~~~~~~~~~~~~~~^^^^^^^^^
  File "C:\Users\Omar Faruk\Desktop\E-Shop\.venv\Lib\site-packages\django\template\base.py", line 1018, in render
    return SafeString("".join([node.render_annotated(context) for node in self]))
                               ~~~~~~~~~~~~~~~~~~~~~^^^^^^^^^
  File "C:\Users\Omar Faruk\Desktop\E-Shop\.venv\Lib\site-packages\django\template\base.py", line 979, in render_annotated
    return self.render(context)
           ~~~~~~~~~~~^^^^^^^^^
  File "C:\Users\Omar Faruk\Desktop\E-Shop\.venv\Lib\site-packages\django\template\loader_tags.py", line 159, in render
    return compiled_parent._render(context)
           ~~~~~~~~~~~~~~~~~~~~~~~^^^^^^^^^
  File "C:\Users\Omar Faruk\Desktop\E-Shop\.venv\Lib\site-packages\django\template\base.py", line 164, in _render
    return self.nodelist.render(context)
           ~~~~~~~~~~~~~~~~~~~~^^^^^^^^^
  File "C:\Users\Omar Faruk\Desktop\E-Shop\.venv\Lib\site-packages\django\template\base.py", line 1018, in render
    return SafeString("".join([node.render_annotated(context) for node in self]))
                               ~~~~~~~~~~~~~~~~~~~~~^^^^^^^^^
  File "C:\Users\Omar Faruk\Desktop\E-Shop\.venv\Lib\site-packages\django\template\base.py", line 979, in render_annotated
    return self.render(context)
           ~~~~~~~~~~~^^^^^^^^^
  File "C:\Users\Omar Faruk\Desktop\E-Shop\.venv\Lib\site-packages\django\template\defaulttags.py", line 243, in render
    nodelist.append(node.render_annotated(context))
                    ~~~~~~~~~~~~~~~~~~~~~^^^^^^^^^
  File "C:\Users\Omar Faruk\Desktop\E-Shop\.venv\Lib\site-packages\django\template\base.py", line 979, in render_annotated
    return self.render(context)
           ~~~~~~~~~~~^^^^^^^^^
  File "C:\Users\Omar Faruk\Desktop\E-Shop\.venv\Lib\site-packages\django\template\defaulttags.py", line 480, in render
    url = reverse(view_name, args=args, kwargs=kwargs, current_app=current_app)
  File "C:\Users\Omar Faruk\Desktop\E-Shop\.venv\Lib\site-packages\django\urls\base.py", line 98, in reverse
    resolved_url = resolver._reverse_with_prefix(view, prefix, *args, **kwargs)
  File "C:\Users\Omar Faruk\Desktop\E-Shop\.venv\Lib\site-packages\django\urls\resolvers.py", line 831, in _reverse_with_prefix
    raise NoReverseMatch(msg)
django.urls.exceptions.NoReverseMatch: Reverse for 'set_language' not found. 'set_language' is not a valid view function or pattern name.
[ERROR] 2026-08-24 12:21:33,054 django.server - "GET / HTTP/1.1" 500 176077
[ERROR] 2026-08-24 12:36:52,766 django.request - Internal Server Error: /
Traceback (most recent call last):
  File "C:\Users\Omar Faruk\Desktop\E-Shop\.venv\Lib\site-packages\django\template\base.py", line 511, in parse
    compile_func = self.tags[command]
                   ~~~~~~~~~^^^^^^^^^
KeyError: 'get_current_language'

During handling of the above exception, another exception occurred:

Traceback (most recent call last):
  File "C:\Users\Omar Faruk\Desktop\E-Shop\.venv\Lib\site-packages\django\core\handlers\exception.py", line 55, in inner
    response = get_response(request)
  File "C:\Users\Omar Faruk\Desktop\E-Shop\.venv\Lib\site-packages\django\core\handlers\base.py", line 197, in _get_response
    response = wrapped_callback(request, *callback_args, **callback_kwargs)
  File "C:\Users\Omar Faruk\Desktop\E-Shop\.venv\Lib\site-packages\django\views\generic\base.py", line 105, in view
    return self.dispatch(request, *args, **kwargs)
           ~~~~~~~~~~~~~^^^^^^^^^^^^^^^^^^^^^^^^^^
  File "C:\Users\Omar Faruk\Desktop\E-Shop\.venv\Lib\site-packages\django\views\generic\base.py", line 144, in dispatch
    return handler(request, *args, **kwargs)
  File "C:\Users\Omar Faruk\Desktop\E-Shop\store\views.py", line 11, in get
    return render(
        request,
        "store/home.html",
        {"message": message}
    )
  File "C:\Users\Omar Faruk\Desktop\E-Shop\.venv\Lib\site-packages\django\shortcuts.py", line 25, in render
    content = loader.render_to_string(template_name, context, request, using=using)
  File "C:\Users\Omar Faruk\Desktop\E-Shop\.venv\Lib\site-packages\django\template\loader.py", line 62, in render_to_string
    return template.render(context, request)
           ~~~~~~~~~~~~~~~^^^^^^^^^^^^^^^^^^
  File "C:\Users\Omar Faruk\Desktop\E-Shop\.venv\Lib\site-packages\django\template\backends\django.py", line 107, in render
    return self.template.render(context)
           ~~~~~~~~~~~~~~~~~~~~^^^^^^^^^
  File "C:\Users\Omar Faruk\Desktop\E-Shop\.venv\Lib\site-packages\django\template\base.py", line 172, in render
    return self._render(context)
           ~~~~~~~~~~~~^^^^^^^^^
  File "C:\Users\Omar Faruk\Desktop\E-Shop\.venv\Lib\site-packages\django\template\base.py", line 164, in _render
    return self.nodelist.render(context)
           ~~~~~~~~~~~~~~~~~~~~^^^^^^^^^
  File "C:\Users\Omar Faruk\Desktop\E-Shop\.venv\Lib\site-packages\django\template\base.py", line 1018, in render
    return SafeString("".join([node.render_annotated(context) for node in self]))
                               ~~~~~~~~~~~~~~~~~~~~~^^^^^^^^^
  File "C:\Users\Omar Faruk\Desktop\E-Shop\.venv\Lib\site-packages\django\template\base.py", line 979, in render_annotated
    return self.render(context)
           ~~~~~~~~~~~^^^^^^^^^
  File "C:\Users\Omar Faruk\Desktop\E-Shop\.venv\Lib\site-packages\django\template\loader_tags.py", line 134, in render
    compiled_parent = self.get_parent(context)
  File "C:\Users\Omar Faruk\Desktop\E-Shop\.venv\Lib\site-packages\django\template\loader_tags.py", line 131, in get_parent
    return self.find_template(parent, context)
           ~~~~~~~~~~~~~~~~~~^^^^^^^^^^^^^^^^^
  File "C:\Users\Omar Faruk\Desktop\E-Shop\.venv\Lib\site-packages\django\template\loader_tags.py", line 109, in find_template
    template, origin = context.template.engine.find_template(
                       ~~~~~~~~~~~~~~~~~~~~~~~~~~~~~~~~~~~~~^
        template_name,
        ^^^^^^^^^^^^^^
        skip=history,
        ^^^^^^^^^^^^^
    )
    ^
  File "C:\Users\Omar Faruk\Desktop\E-Shop\.venv\Lib\site-packages\django\template\engine.py", line 159, in find_template
    template = loader.get_template(name, skip=skip)
  File "C:\Users\Omar Faruk\Desktop\E-Shop\.venv\Lib\site-packages\django\template\loaders\cached.py", line 57, in get_template
    template = super().get_template(template_name, skip)
  File "C:\Users\Omar Faruk\Desktop\E-Shop\.venv\Lib\site-packages\django\template\loaders\base.py", line 28, in get_template
    return Template(
        contents,
    ...<2 lines>...
        self.engine,
    )
  File "C:\Users\Omar Faruk\Desktop\E-Shop\.venv\Lib\site-packages\django\template\base.py", line 155, in __init__
    self.nodelist = self.compile_nodelist()
                    ~~~~~~~~~~~~~~~~~~~~~^^
  File "C:\Users\Omar Faruk\Desktop\E-Shop\.venv\Lib\site-packages\django\template\base.py", line 197, in compile_nodelist
    nodelist = parser.parse()
  File "C:\Users\Omar Faruk\Desktop\E-Shop\.venv\Lib\site-packages\django\template\base.py", line 513, in parse
    self.invalid_block_tag(token, command, parse_until)
    ~~~~~~~~~~~~~~~~~~~~~~^^^^^^^^^^^^^^^^^^^^^^^^^^^^^
  File "C:\Users\Omar Faruk\Desktop\E-Shop\.venv\Lib\site-packages\django\template\base.py", line 578, in invalid_block_tag
    raise self.error(
    ...<3 lines>...
    )
django.template.exceptions.TemplateSyntaxError: Invalid block tag on line 59: 'get_current_language'. Did you forget to register or load this tag?
[ERROR] 2026-08-24 12:36:52,777 django.server - "GET / HTTP/1.1" 500 209344
[ERROR] 2026-08-24 15:14:16,974 django.request - Internal Server Error: /admin/setting/logo/add/
Traceback (most recent call last):
  File "C:\Users\Omar Faruk\Desktop\E-Shop\.venv\Lib\site-packages\django\contrib\admin\options.py", line 840, in get_form
    return modelform_factory(self.model, **defaults)
  File "C:\Users\Omar Faruk\Desktop\E-Shop\.venv\Lib\site-packages\django\forms\models.py", line 654, in modelform_factory
    return type(form)(class_name, (form,), form_class_attrs)
           ~~~~~~~~~~^^^^^^^^^^^^^^^^^^^^^^^^^^^^^^^^^^^^^^^
  File "C:\Users\Omar Faruk\Desktop\E-Shop\.venv\Lib\site-packages\django\forms\models.py", line 334, in __new__
    raise FieldError(message)
django.core.exceptions.FieldError: Unknown field(s) (titleimage) specified for Logo

During handling of the above exception, another exception occurred:

Traceback (most recent call last):
  File "C:\Users\Omar Faruk\Desktop\E-Shop\.venv\Lib\site-packages\django\core\handlers\exception.py", line 55, in inner
    response = get_response(request)
  File "C:\Users\Omar Faruk\Desktop\E-Shop\.venv\Lib\site-packages\django\core\handlers\base.py", line 197, in _get_response
    response = wrapped_callback(request, *callback_args, **callback_kwargs)
  File "C:\Users\Omar Faruk\Desktop\E-Shop\.venv\Lib\site-packages\django\contrib\admin\options.py", line 719, in wrapper
    return self.admin_site.admin_view(view)(*args, **kwargs)
           ~~~~~~~~~~~~~~~~~~~~~~~~~~~~~~~~^^^^^^^^^^^^^^^^^
  File "C:\Users\Omar Faruk\Desktop\E-Shop\.venv\Lib\site-packages\django\utils\decorators.py", line 192, in _view_wrapper
    result = _process_exception(request, e)
  File "C:\Users\Omar Faruk\Desktop\E-Shop\.venv\Lib\site-packages\django\utils\decorators.py", line 190, in _view_wrapper
    response = view_func(request, *args, **kwargs)
  File "C:\Users\Omar Faruk\Desktop\E-Shop\.venv\Lib\site-packages\django\views\decorators\cache.py", line 80, in _view_wrapper
    response = view_func(request, *args, **kwargs)
  File "C:\Users\Omar Faruk\Desktop\E-Shop\.venv\Lib\site-packages\django\contrib\admin\sites.py", line 246, in inner
    return view(request, *args, **kwargs)
  File "C:\Users\Omar Faruk\Desktop\E-Shop\.venv\Lib\site-packages\django\contrib\admin\options.py", line 1984, in add_view
    return self.changeform_view(request, None, form_url, extra_context)
           ~~~~~~~~~~~~~~~~~~~~^^^^^^^^^^^^^^^^^^^^^^^^^^^^^^^^^^^^^^^^
  File "C:\Users\Omar Faruk\Desktop\E-Shop\.venv\Lib\site-packages\django\utils\decorators.py", line 48, in _wrapper
    return bound_method(*args, **kwargs)
  File "C:\Users\Omar Faruk\Desktop\E-Shop\.venv\Lib\site-packages\django\utils\decorators.py", line 192, in _view_wrapper
    result = _process_exception(request, e)
  File "C:\Users\Omar Faruk\Desktop\E-Shop\.venv\Lib\site-packages\django\utils\decorators.py", line 190, in _view_wrapper
    response = view_func(request, *args, **kwargs)
  File "C:\Users\Omar Faruk\Desktop\E-Shop\.venv\Lib\site-packages\django\contrib\admin\options.py", line 1840, in changeform_view
    return self._changeform_view(request, object_id, form_url, extra_context)
           ~~~~~~~~~~~~~~~~~~~~~^^^^^^^^^^^^^^^^^^^^^^^^^^^^^^^^^^^^^^^^^^^^^
  File "C:\Users\Omar Faruk\Desktop\E-Shop\.venv\Lib\site-packages\django\contrib\admin\options.py", line 1878, in _changeform_view
    ModelForm = self.get_form(
        request, obj, change=not add, fields=flatten_fieldsets(fieldsets)
    )
  File "C:\Users\Omar Faruk\Desktop\E-Shop\.venv\Lib\site-packages\django\contrib\admin\options.py", line 842, in get_form
    raise FieldError(
    ...<2 lines>...
    )
django.core.exceptions.FieldError: Unknown field(s) (titleimage) specified for Logo. Check fields/fieldsets/exclude attributes of class LogoAdmin.
[ERROR] 2026-08-24 15:14:16,983 django.server - "GET /admin/setting/logo/add/ HTTP/1.1" 500 157423
[ERROR] 2026-08-25 11:02:22,320 django.request - Internal Server Error: /en/admin/setting/link/add/
Traceback (most recent call last):
  File "C:\Users\Omar Faruk\Desktop\E-Shop\.venv\Lib\site-packages\django\db\backends\utils.py", line 105, in _execute
    return self.cursor.execute(sql, params)
           ~~~~~~~~~~~~~~~~~~~^^^^^^^^^^^^^
  File "C:\Users\Omar Faruk\Desktop\E-Shop\.venv\Lib\site-packages\django\db\backends\sqlite3\base.py", line 360, in execute
    return super().execute(query, params)
           ~~~~~~~~~~~~~~~^^^^^^^^^^^^^^^
sqlite3.IntegrityError: NOT NULL constraint failed: settings_link.footer_id

The above exception was the direct cause of the following exception:

Traceback (most recent call last):
  File "C:\Users\Omar Faruk\Desktop\E-Shop\.venv\Lib\site-packages\django\core\handlers\exception.py", line 55, in inner
    response = get_response(request)
  File "C:\Users\Omar Faruk\Desktop\E-Shop\.venv\Lib\site-packages\django\core\handlers\base.py", line 197, in _get_response
    response = wrapped_callback(request, *callback_args, **callback_kwargs)
  File "C:\Users\Omar Faruk\Desktop\E-Shop\.venv\Lib\site-packages\django\contrib\admin\options.py", line 719, in wrapper
    return self.admin_site.admin_view(view)(*args, **kwargs)
           ~~~~~~~~~~~~~~~~~~~~~~~~~~~~~~~~^^^^^^^^^^^^^^^^^
  File "C:\Users\Omar Faruk\Desktop\E-Shop\.venv\Lib\site-packages\django\utils\decorators.py", line 192, in _view_wrapper
    result = _process_exception(request, e)
  File "C:\Users\Omar Faruk\Desktop\E-Shop\.venv\Lib\site-packages\django\utils\decorators.py", line 190, in _view_wrapper
    response = view_func(request, *args, **kwargs)
  File "C:\Users\Omar Faruk\Desktop\E-Shop\.venv\Lib\site-packages\django\views\decorators\cache.py", line 80, in _view_wrapper
    response = view_func(request, *args, **kwargs)
  File "C:\Users\Omar Faruk\Desktop\E-Shop\.venv\Lib\site-packages\django\contrib\admin\sites.py", line 246, in inner
    return view(request, *args, **kwargs)
  File "C:\Users\Omar Faruk\Desktop\E-Shop\.venv\Lib\site-packages\django\contrib\admin\options.py", line 1984, in add_view
    return self.changeform_view(request, None, form_url, extra_context)
           ~~~~~~~~~~~~~~~~~~~~^^^^^^^^^^^^^^^^^^^^^^^^^^^^^^^^^^^^^^^^
  File "C:\Users\Omar Faruk\Desktop\E-Shop\.venv\Lib\site-packages\django\utils\decorators.py", line 48, in _wrapper
    return bound_method(*args, **kwargs)
  File "C:\Users\Omar Faruk\Desktop\E-Shop\.venv\Lib\site-packages\django\utils\decorators.py", line 192, in _view_wrapper
    result = _process_exception(request, e)
  File "C:\Users\Omar Faruk\Desktop\E-Shop\.venv\Lib\site-packages\django\utils\decorators.py", line 190, in _view_wrapper
    response = view_func(request, *args, **kwargs)
  File "C:\Users\Omar Faruk\Desktop\E-Shop\.venv\Lib\site-packages\django\contrib\admin\options.py", line 1843, in changeform_view
    return self._changeform_view(request, object_id, form_url, extra_context)
           ~~~~~~~~~~~~~~~~~~~~~^^^^^^^^^^^^^^^^^^^^^^^^^^^^^^^^^^^^^^^^^^^^^
  File "C:\Users\Omar Faruk\Desktop\E-Shop\.venv\Lib\site-packages\django\contrib\admin\options.py", line 1894, in _changeform_view
    self.save_model(request, new_object, form, not add)
    ~~~~~~~~~~~~~~~^^^^^^^^^^^^^^^^^^^^^^^^^^^^^^^^^^^^
  File "C:\Users\Omar Faruk\Desktop\E-Shop\.venv\Lib\site-packages\django\contrib\admin\options.py", line 1314, in save_model
    obj.save()
    ~~~~~~~~^^
  File "C:\Users\Omar Faruk\Desktop\E-Shop\.venv\Lib\site-packages\django\db\models\base.py", line 902, in save
    self.save_base(
    ~~~~~~~~~~~~~~^
        using=using,
        ^^^^^^^^^^^^
    ...<2 lines>...
        update_fields=update_fields,
        ^^^^^^^^^^^^^^^^^^^^^^^^^^^^
    )
    ^
  File "C:\Users\Omar Faruk\Desktop\E-Shop\.venv\Lib\site-packages\django\db\models\base.py", line 1008, in save_base
    updated = self._save_table(
        raw,
    ...<4 lines>...
        update_fields,
    )
  File "C:\Users\Omar Faruk\Desktop\E-Shop\.venv\Lib\site-packages\django\db\models\base.py", line 1169, in _save_table
    results = self._do_insert(
        cls._base_manager, using, fields, returning_fields, raw
    )
  File "C:\Users\Omar Faruk\Desktop\E-Shop\.venv\Lib\site-packages\django\db\models\base.py", line 1210, in _do_insert
    return manager._insert(
           ~~~~~~~~~~~~~~~^
        [self],
        ^^^^^^^
    ...<3 lines>...
        raw=raw,
        ^^^^^^^^
    )
    ^
  File "C:\Users\Omar Faruk\Desktop\E-Shop\.venv\Lib\site-packages\django\db\models\manager.py", line 87, in manager_method
    return getattr(self.get_queryset(), name)(*args, **kwargs)
           ~~~~~~~~~~~~~~~~~~~~~~~~~~~~~~~~~~^^^^^^^^^^^^^^^^^
  File "C:\Users\Omar Faruk\Desktop\E-Shop\.venv\Lib\site-packages\django\db\models\query.py", line 1873, in _insert
    return query.get_compiler(using=using).execute_sql(returning_fields)
           ~~~~~~~~~~~~~~~~~~~~~~~~~~~~~~~~~~~~~~~~~~~^^^^^^^^^^^^^^^^^^
  File "C:\Users\Omar Faruk\Desktop\E-Shop\.venv\Lib\site-packages\django\db\models\sql\compiler.py", line 1882, in execute_sql
    cursor.execute(sql, params)
    ~~~~~~~~~~~~~~^^^^^^^^^^^^^
  File "C:\Users\Omar Faruk\Desktop\E-Shop\.venv\Lib\site-packages\django\db\backends\utils.py", line 122, in execute
    return super().execute(sql, params)
           ~~~~~~~~~~~~~~~^^^^^^^^^^^^^
  File "C:\Users\Omar Faruk\Desktop\E-Shop\.venv\Lib\site-packages\django\db\backends\utils.py", line 79, in execute
    return self._execute_with_wrappers(
           ~~~~~~~~~~~~~~~~~~~~~~~~~~~^
        sql, params, many=False, executor=self._execute
        ^^^^^^^^^^^^^^^^^^^^^^^^^^^^^^^^^^^^^^^^^^^^^^^
    )
    ^
  File "C:\Users\Omar Faruk\Desktop\E-Shop\.venv\Lib\site-packages\django\db\backends\utils.py", line 92, in _execute_with_wrappers
    return executor(sql, params, many, context)
  File "C:\Users\Omar Faruk\Desktop\E-Shop\.venv\Lib\site-packages\django\db\backends\utils.py", line 100, in _execute
    with self.db.wrap_database_errors:
         ^^^^^^^^^^^^^^^^^^^^^^^^^^^^
  File "C:\Users\Omar Faruk\Desktop\E-Shop\.venv\Lib\site-packages\django\db\utils.py", line 91, in __exit__
    raise dj_exc_value.with_traceback(traceback) from exc_value
  File "C:\Users\Omar Faruk\Desktop\E-Shop\.venv\Lib\site-packages\django\db\backends\utils.py", line 105, in _execute
    return self.cursor.execute(sql, params)
           ~~~~~~~~~~~~~~~~~~~^^^^^^^^^^^^^
  File "C:\Users\Omar Faruk\Desktop\E-Shop\.venv\Lib\site-packages\django\db\backends\sqlite3\base.py", line 360, in execute
    return super().execute(query, params)
           ~~~~~~~~~~~~~~~^^^^^^^^^^^^^^^
django.db.utils.IntegrityError: NOT NULL constraint failed: settings_link.footer_id
[ERROR] 2026-08-25 11:02:22,377 django.server - "POST /en/admin/setting/link/add/ HTTP/1.1" 500 213392
[ERROR] 2026-08-25 11:05:44,306 django.request - Internal Server Error: /en/admin/setting/link/add/
Traceback (most recent call last):
  File "C:\Users\Omar Faruk\Desktop\E-Shop\.venv\Lib\site-packages\django\contrib\admin\options.py", line 840, in get_form
    return modelform_factory(self.model, **defaults)
  File "C:\Users\Omar Faruk\Desktop\E-Shop\.venv\Lib\site-packages\django\forms\models.py", line 654, in modelform_factory
    return type(form)(class_name, (form,), form_class_attrs)
           ~~~~~~~~~~^^^^^^^^^^^^^^^^^^^^^^^^^^^^^^^^^^^^^^^
  File "C:\Users\Omar Faruk\Desktop\E-Shop\.venv\Lib\site-packages\django\forms\models.py", line 334, in __new__
    raise FieldError(message)
django.core.exceptions.FieldError: Unknown field(s) (footertitle) specified for Link

During handling of the above exception, another exception occurred:

Traceback (most recent call last):
  File "C:\Users\Omar Faruk\Desktop\E-Shop\.venv\Lib\site-packages\django\core\handlers\exception.py", line 55, in inner
    response = get_response(request)
  File "C:\Users\Omar Faruk\Desktop\E-Shop\.venv\Lib\site-packages\django\core\handlers\base.py", line 197, in _get_response
    response = wrapped_callback(request, *callback_args, **callback_kwargs)
  File "C:\Users\Omar Faruk\Desktop\E-Shop\.venv\Lib\site-packages\django\contrib\admin\options.py", line 719, in wrapper
    return self.admin_site.admin_view(view)(*args, **kwargs)
           ~~~~~~~~~~~~~~~~~~~~~~~~~~~~~~~~^^^^^^^^^^^^^^^^^
  File "C:\Users\Omar Faruk\Desktop\E-Shop\.venv\Lib\site-packages\django\utils\decorators.py", line 192, in _view_wrapper
    result = _process_exception(request, e)
  File "C:\Users\Omar Faruk\Desktop\E-Shop\.venv\Lib\site-packages\django\utils\decorators.py", line 190, in _view_wrapper
    response = view_func(request, *args, **kwargs)
  File "C:\Users\Omar Faruk\Desktop\E-Shop\.venv\Lib\site-packages\django\views\decorators\cache.py", line 80, in _view_wrapper
    response = view_func(request, *args, **kwargs)
  File "C:\Users\Omar Faruk\Desktop\E-Shop\.venv\Lib\site-packages\django\contrib\admin\sites.py", line 246, in inner
    return view(request, *args, **kwargs)
  File "C:\Users\Omar Faruk\Desktop\E-Shop\.venv\Lib\site-packages\django\contrib\admin\options.py", line 1984, in add_view
    return self.changeform_view(request, None, form_url, extra_context)
           ~~~~~~~~~~~~~~~~~~~~^^^^^^^^^^^^^^^^^^^^^^^^^^^^^^^^^^^^^^^^
  File "C:\Users\Omar Faruk\Desktop\E-Shop\.venv\Lib\site-packages\django\utils\decorators.py", line 48, in _wrapper
    return bound_method(*args, **kwargs)
  File "C:\Users\Omar Faruk\Desktop\E-Shop\.venv\Lib\site-packages\django\utils\decorators.py", line 192, in _view_wrapper
    result = _process_exception(request, e)
  File "C:\Users\Omar Faruk\Desktop\E-Shop\.venv\Lib\site-packages\django\utils\decorators.py", line 190, in _view_wrapper
    response = view_func(request, *args, **kwargs)
  File "C:\Users\Omar Faruk\Desktop\E-Shop\.venv\Lib\site-packages\django\contrib\admin\options.py", line 1840, in changeform_view
    return self._changeform_view(request, object_id, form_url, extra_context)
           ~~~~~~~~~~~~~~~~~~~~~^^^^^^^^^^^^^^^^^^^^^^^^^^^^^^^^^^^^^^^^^^^^^
  File "C:\Users\Omar Faruk\Desktop\E-Shop\.venv\Lib\site-packages\django\contrib\admin\options.py", line 1878, in _changeform_view
    ModelForm = self.get_form(
        request, obj, change=not add, fields=flatten_fieldsets(fieldsets)
    )
  File "C:\Users\Omar Faruk\Desktop\E-Shop\.venv\Lib\site-packages\django\contrib\admin\options.py", line 842, in get_form
    raise FieldError(
    ...<2 lines>...
    )
django.core.exceptions.FieldError: Unknown field(s) (footertitle) specified for Link. Check fields/fieldsets/exclude attributes of class LinkAdmin.
[ERROR] 2026-08-25 11:05:44,315 django.server - "GET /en/admin/setting/link/add/ HTTP/1.1" 500 148263
[ERROR] 2026-08-25 11:05:51,161 django.request - Internal Server Error: /en/admin/setting/link/add/
Traceback (most recent call last):
  File "C:\Users\Omar Faruk\Desktop\E-Shop\.venv\Lib\site-packages\django\contrib\admin\options.py", line 840, in get_form
    return modelform_factory(self.model, **defaults)
  File "C:\Users\Omar Faruk\Desktop\E-Shop\.venv\Lib\site-packages\django\forms\models.py", line 654, in modelform_factory
    return type(form)(class_name, (form,), form_class_attrs)
           ~~~~~~~~~~^^^^^^^^^^^^^^^^^^^^^^^^^^^^^^^^^^^^^^^
  File "C:\Users\Omar Faruk\Desktop\E-Shop\.venv\Lib\site-packages\django\forms\models.py", line 334, in __new__
    raise FieldError(message)
django.core.exceptions.FieldError: Unknown field(s) (footertitle) specified for Link

During handling of the above exception, another exception occurred:

Traceback (most recent call last):
  File "C:\Users\Omar Faruk\Desktop\E-Shop\.venv\Lib\site-packages\django\core\handlers\exception.py", line 55, in inner
    response = get_response(request)
  File "C:\Users\Omar Faruk\Desktop\E-Shop\.venv\Lib\site-packages\django\core\handlers\base.py", line 197, in _get_response
    response = wrapped_callback(request, *callback_args, **callback_kwargs)
  File "C:\Users\Omar Faruk\Desktop\E-Shop\.venv\Lib\site-packages\django\contrib\admin\options.py", line 719, in wrapper
    return self.admin_site.admin_view(view)(*args, **kwargs)
           ~~~~~~~~~~~~~~~~~~~~~~~~~~~~~~~~^^^^^^^^^^^^^^^^^
  File "C:\Users\Omar Faruk\Desktop\E-Shop\.venv\Lib\site-packages\django\utils\decorators.py", line 192, in _view_wrapper
    result = _process_exception(request, e)
  File "C:\Users\Omar Faruk\Desktop\E-Shop\.venv\Lib\site-packages\django\utils\decorators.py", line 190, in _view_wrapper
    response = view_func(request, *args, **kwargs)
  File "C:\Users\Omar Faruk\Desktop\E-Shop\.venv\Lib\site-packages\django\views\decorators\cache.py", line 80, in _view_wrapper
    response = view_func(request, *args, **kwargs)
  File "C:\Users\Omar Faruk\Desktop\E-Shop\.venv\Lib\site-packages\django\contrib\admin\sites.py", line 246, in inner
    return view(request, *args, **kwargs)
  File "C:\Users\Omar Faruk\Desktop\E-Shop\.venv\Lib\site-packages\django\contrib\admin\options.py", line 1984, in add_view
    return self.changeform_view(request, None, form_url, extra_context)
           ~~~~~~~~~~~~~~~~~~~~^^^^^^^^^^^^^^^^^^^^^^^^^^^^^^^^^^^^^^^^
  File "C:\Users\Omar Faruk\Desktop\E-Shop\.venv\Lib\site-packages\django\utils\decorators.py", line 48, in _wrapper
    return bound_method(*args, **kwargs)
  File "C:\Users\Omar Faruk\Desktop\E-Shop\.venv\Lib\site-packages\django\utils\decorators.py", line 192, in _view_wrapper
    result = _process_exception(request, e)
  File "C:\Users\Omar Faruk\Desktop\E-Shop\.venv\Lib\site-packages\django\utils\decorators.py", line 190, in _view_wrapper
    response = view_func(request, *args, **kwargs)
  File "C:\Users\Omar Faruk\Desktop\E-Shop\.venv\Lib\site-packages\django\contrib\admin\options.py", line 1840, in changeform_view
    return self._changeform_view(request, object_id, form_url, extra_context)
           ~~~~~~~~~~~~~~~~~~~~~^^^^^^^^^^^^^^^^^^^^^^^^^^^^^^^^^^^^^^^^^^^^^
  File "C:\Users\Omar Faruk\Desktop\E-Shop\.venv\Lib\site-packages\django\contrib\admin\options.py", line 1878, in _changeform_view
    ModelForm = self.get_form(
        request, obj, change=not add, fields=flatten_fieldsets(fieldsets)
    )
  File "C:\Users\Omar Faruk\Desktop\E-Shop\.venv\Lib\site-packages\django\contrib\admin\options.py", line 842, in get_form
    raise FieldError(
    ...<2 lines>...
    )
django.core.exceptions.FieldError: Unknown field(s) (footertitle) specified for Link. Check fields/fieldsets/exclude attributes of class LinkAdmin.
[ERROR] 2026-08-25 11:05:51,166 django.server - "GET /en/admin/setting/link/add/ HTTP/1.1" 500 148263
[ERROR] 2026-08-25 12:15:15,354 django.request - Internal Server Error: /en/
Traceback (most recent call last):
  File "C:\Users\Omar Faruk\Desktop\E-Shop\.venv\Lib\site-packages\django\core\handlers\exception.py", line 55, in inner
    response = get_response(request)
  File "C:\Users\Omar Faruk\Desktop\E-Shop\.venv\Lib\site-packages\django\core\handlers\base.py", line 197, in _get_response
    response = wrapped_callback(request, *callback_args, **callback_kwargs)
  File "C:\Users\Omar Faruk\Desktop\E-Shop\.venv\Lib\site-packages\django\views\generic\base.py", line 105, in view
    return self.dispatch(request, *args, **kwargs)
           ~~~~~~~~~~~~~^^^^^^^^^^^^^^^^^^^^^^^^^^
  File "C:\Users\Omar Faruk\Desktop\E-Shop\.venv\Lib\site-packages\django\views\generic\base.py", line 144, in dispatch
    return handler(request, *args, **kwargs)
  File "C:\Users\Omar Faruk\Desktop\E-Shop\store\views.py", line 11, in get
    return render(request, "store/home.html", {"message": message})
  File "C:\Users\Omar Faruk\Desktop\E-Shop\.venv\Lib\site-packages\django\shortcuts.py", line 25, in render
    content = loader.render_to_string(template_name, context, request, using=using)
  File "C:\Users\Omar Faruk\Desktop\E-Shop\.venv\Lib\site-packages\django\template\loader.py", line 62, in render_to_string
    return template.render(context, request)
           ~~~~~~~~~~~~~~~^^^^^^^^^^^^^^^^^^
  File "C:\Users\Omar Faruk\Desktop\E-Shop\.venv\Lib\site-packages\django\template\backends\django.py", line 107, in render
    return self.template.render(context)
           ~~~~~~~~~~~~~~~~~~~~^^^^^^^^^
  File "C:\Users\Omar Faruk\Desktop\E-Shop\.venv\Lib\site-packages\django\template\base.py", line 172, in render
    return self._render(context)
           ~~~~~~~~~~~~^^^^^^^^^
  File "C:\Users\Omar Faruk\Desktop\E-Shop\.venv\Lib\site-packages\django\template\base.py", line 164, in _render
    return self.nodelist.render(context)
           ~~~~~~~~~~~~~~~~~~~~^^^^^^^^^
  File "C:\Users\Omar Faruk\Desktop\E-Shop\.venv\Lib\site-packages\django\template\base.py", line 1018, in render
    return SafeString("".join([node.render_annotated(context) for node in self]))
                               ~~~~~~~~~~~~~~~~~~~~~^^^^^^^^^
  File "C:\Users\Omar Faruk\Desktop\E-Shop\.venv\Lib\site-packages\django\template\base.py", line 979, in render_annotated
    return self.render(context)
           ~~~~~~~~~~~^^^^^^^^^
  File "C:\Users\Omar Faruk\Desktop\E-Shop\.venv\Lib\site-packages\django\template\loader_tags.py", line 134, in render
    compiled_parent = self.get_parent(context)
  File "C:\Users\Omar Faruk\Desktop\E-Shop\.venv\Lib\site-packages\django\template\loader_tags.py", line 131, in get_parent
    return self.find_template(parent, context)
           ~~~~~~~~~~~~~~~~~~^^^^^^^^^^^^^^^^^
  File "C:\Users\Omar Faruk\Desktop\E-Shop\.venv\Lib\site-packages\django\template\loader_tags.py", line 109, in find_template
    template, origin = context.template.engine.find_template(
                       ~~~~~~~~~~~~~~~~~~~~~~~~~~~~~~~~~~~~~^
        template_name,
        ^^^^^^^^^^^^^^
        skip=history,
        ^^^^^^^^^^^^^
    )
    ^
  File "C:\Users\Omar Faruk\Desktop\E-Shop\.venv\Lib\site-packages\django\template\engine.py", line 159, in find_template
    template = loader.get_template(name, skip=skip)
  File "C:\Users\Omar Faruk\Desktop\E-Shop\.venv\Lib\site-packages\django\template\loaders\cached.py", line 57, in get_template
    template = super().get_template(template_name, skip)
  File "C:\Users\Omar Faruk\Desktop\E-Shop\.venv\Lib\site-packages\django\template\loaders\base.py", line 28, in get_template
    return Template(
        contents,
    ...<2 lines>...
        self.engine,
    )
  File "C:\Users\Omar Faruk\Desktop\E-Shop\.venv\Lib\site-packages\django\template\base.py", line 155, in __init__
    self.nodelist = self.compile_nodelist()
                    ~~~~~~~~~~~~~~~~~~~~~^^
  File "C:\Users\Omar Faruk\Desktop\E-Shop\.venv\Lib\site-packages\django\template\base.py", line 197, in compile_nodelist
    nodelist = parser.parse()
  File "C:\Users\Omar Faruk\Desktop\E-Shop\.venv\Lib\site-packages\django\template\base.py", line 490, in parse
    raise self.error(token, e)
  File "C:\Users\Omar Faruk\Desktop\E-Shop\.venv\Lib\site-packages\django\template\base.py", line 488, in parse
    filter_expression = self.compile_filter(token.contents)
  File "C:\Users\Omar Faruk\Desktop\E-Shop\.venv\Lib\site-packages\django\template\base.py", line 610, in compile_filter
    return FilterExpression(token, self)
  File "C:\Users\Omar Faruk\Desktop\E-Shop\.venv\Lib\site-packages\django\template\base.py", line 706, in __init__
    filter_func = parser.find_filter(filter_name)
  File "C:\Users\Omar Faruk\Desktop\E-Shop\.venv\Lib\site-packages\django\template\base.py", line 616, in find_filter
    raise TemplateSyntaxError("Invalid filter: '%s'" % filter_name)
django.template.exceptions.TemplateSyntaxError: Invalid filter: 'translate'
[ERROR] 2026-08-25 12:15:15,371 django.server - "GET /en/ HTTP/1.1" 500 244564
[ERROR] 2026-08-25 13:42:32,200 django.request - Internal Server Error: /en/
Traceback (most recent call last):
  File "C:\Users\Omar Faruk\Desktop\E-Shop\.venv\Lib\site-packages\django\core\handlers\exception.py", line 55, in inner
    response = get_response(request)
  File "C:\Users\Omar Faruk\Desktop\E-Shop\.venv\Lib\site-packages\django\core\handlers\base.py", line 197, in _get_response
    response = wrapped_callback(request, *callback_args, **callback_kwargs)
  File "C:\Users\Omar Faruk\Desktop\E-Shop\.venv\Lib\site-packages\django\views\generic\base.py", line 105, in view
    return self.dispatch(request, *args, **kwargs)
           ~~~~~~~~~~~~~^^^^^^^^^^^^^^^^^^^^^^^^^^
  File "C:\Users\Omar Faruk\Desktop\E-Shop\.venv\Lib\site-packages\django\views\generic\base.py", line 144, in dispatch
    return handler(request, *args, **kwargs)
  File "C:\Users\Omar Faruk\Desktop\E-Shop\store\views.py", line 11, in get
    return render(request, "store/home.html", {"message": message})
  File "C:\Users\Omar Faruk\Desktop\E-Shop\.venv\Lib\site-packages\django\shortcuts.py", line 25, in render
    content = loader.render_to_string(template_name, context, request, using=using)
  File "C:\Users\Omar Faruk\Desktop\E-Shop\.venv\Lib\site-packages\django\template\loader.py", line 62, in render_to_string
    return template.render(context, request)
           ~~~~~~~~~~~~~~~^^^^^^^^^^^^^^^^^^
  File "C:\Users\Omar Faruk\Desktop\E-Shop\.venv\Lib\site-packages\django\template\backends\django.py", line 107, in render
    return self.template.render(context)
           ~~~~~~~~~~~~~~~~~~~~^^^^^^^^^
  File "C:\Users\Omar Faruk\Desktop\E-Shop\.venv\Lib\site-packages\django\template\base.py", line 170, in render
    with context.bind_template(self):
         ~~~~~~~~~~~~~~~~~~~~~^^^^^^
  File "C:\Python 3\Lib\contextlib.py", line 141, in __enter__
    return next(self.gen)
  File "C:\Users\Omar Faruk\Desktop\E-Shop\.venv\Lib\site-packages\django\template\context.py", line 256, in bind_template
    processors = template.engine.template_context_processors + self._processors
                 ^^^^^^^^^^^^^^^^^^^^^^^^^^^^^^^^^^^^^^^^^^^
  File "C:\Users\Omar Faruk\Desktop\E-Shop\.venv\Lib\site-packages\django\utils\functional.py", line 47, in __get__
    res = instance.__dict__[self.name] = self.func(instance)
                                         ~~~~~~~~~^^^^^^^^^^
  File "C:\Users\Omar Faruk\Desktop\E-Shop\.venv\Lib\site-packages\django\template\engine.py", line 118, in template_context_processors
    return tuple(import_string(path) for path in context_processors)
  File "C:\Users\Omar Faruk\Desktop\E-Shop\.venv\Lib\site-packages\django\template\engine.py", line 118, in <genexpr>
    return tuple(import_string(path) for path in context_processors)
                 ~~~~~~~~~~~~~^^^^^^
  File "C:\Users\Omar Faruk\Desktop\E-Shop\.venv\Lib\site-packages\django\utils\module_loading.py", line 30, in import_string
    return cached_import(module_path, class_name)
  File "C:\Users\Omar Faruk\Desktop\E-Shop\.venv\Lib\site-packages\django\utils\module_loading.py", line 15, in cached_import
    module = import_module(module_path)
  File "C:\Python 3\Lib\importlib\__init__.py", line 88, in import_module
    return _bootstrap._gcd_import(name[level:], package, level)
           ~~~~~~~~~~~~~~~~~~~~~~^^^^^^^^^^^^^^^^^^^^^^^^^^^^^^
  File "<frozen importlib._bootstrap>", line 1395, in _gcd_import
  File "<frozen importlib._bootstrap>", line 1360, in _find_and_load
  File "<frozen importlib._bootstrap>", line 1331, in _find_and_load_unlocked
  File "<frozen importlib._bootstrap>", line 935, in _load_unlocked
  File "<frozen importlib._bootstrap_external>", line 1023, in exec_module
  File "<frozen importlib._bootstrap>", line 488, in _call_with_frames_removed
  File "C:\Users\Omar Faruk\Desktop\E-Shop\setting\context_processors.py", line 1, in <module>
    from .models import SiteName, Logo, Footer
ImportError: cannot import name 'SiteName' from 'setting.models' (C:\Users\Omar Faruk\Desktop\E-Shop\setting\models.py)
[ERROR] 2026-08-25 13:42:32,212 django.server - "GET /en/ HTTP/1.1" 500 169846
[ERROR] 2026-08-25 13:43:03,067 django.request - Internal Server Error: /en/
Traceback (most recent call last):
  File "C:\Users\Omar Faruk\Desktop\E-Shop\.venv\Lib\site-packages\django\core\handlers\exception.py", line 55, in inner
    response = get_response(request)
  File "C:\Users\Omar Faruk\Desktop\E-Shop\.venv\Lib\site-packages\django\core\handlers\base.py", line 197, in _get_response
    response = wrapped_callback(request, *callback_args, **callback_kwargs)
  File "C:\Users\Omar Faruk\Desktop\E-Shop\.venv\Lib\site-packages\django\views\generic\base.py", line 105, in view
    return self.dispatch(request, *args, **kwargs)
           ~~~~~~~~~~~~~^^^^^^^^^^^^^^^^^^^^^^^^^^
  File "C:\Users\Omar Faruk\Desktop\E-Shop\.venv\Lib\site-packages\django\views\generic\base.py", line 144, in dispatch
    return handler(request, *args, **kwargs)
  File "C:\Users\Omar Faruk\Desktop\E-Shop\store\views.py", line 11, in get
    return render(request, "store/home.html", {"message": message})
  File "C:\Users\Omar Faruk\Desktop\E-Shop\.venv\Lib\site-packages\django\shortcuts.py", line 25, in render
    content = loader.render_to_string(template_name, context, request, using=using)
  File "C:\Users\Omar Faruk\Desktop\E-Shop\.venv\Lib\site-packages\django\template\loader.py", line 62, in render_to_string
    return template.render(context, request)
           ~~~~~~~~~~~~~~~^^^^^^^^^^^^^^^^^^
  File "C:\Users\Omar Faruk\Desktop\E-Shop\.venv\Lib\site-packages\django\template\backends\django.py", line 107, in render
    return self.template.render(context)
           ~~~~~~~~~~~~~~~~~~~~^^^^^^^^^
  File "C:\Users\Omar Faruk\Desktop\E-Shop\.venv\Lib\site-packages\django\template\base.py", line 170, in render
    with context.bind_template(self):
         ~~~~~~~~~~~~~~~~~~~~~^^^^^^
  File "C:\Python 3\Lib\contextlib.py", line 141, in __enter__
    return next(self.gen)
  File "C:\Users\Omar Faruk\Desktop\E-Shop\.venv\Lib\site-packages\django\template\context.py", line 256, in bind_template
    processors = template.engine.template_context_processors + self._processors
                 ^^^^^^^^^^^^^^^^^^^^^^^^^^^^^^^^^^^^^^^^^^^
  File "C:\Users\Omar Faruk\Desktop\E-Shop\.venv\Lib\site-packages\django\utils\functional.py", line 47, in __get__
    res = instance.__dict__[self.name] = self.func(instance)
                                         ~~~~~~~~~^^^^^^^^^^
  File "C:\Users\Omar Faruk\Desktop\E-Shop\.venv\Lib\site-packages\django\template\engine.py", line 118, in template_context_processors
    return tuple(import_string(path) for path in context_processors)
  File "C:\Users\Omar Faruk\Desktop\E-Shop\.venv\Lib\site-packages\django\template\engine.py", line 118, in <genexpr>
    return tuple(import_string(path) for path in context_processors)
                 ~~~~~~~~~~~~~^^^^^^
  File "C:\Users\Omar Faruk\Desktop\E-Shop\.venv\Lib\site-packages\django\utils\module_loading.py", line 30, in import_string
    return cached_import(module_path, class_name)
  File "C:\Users\Omar Faruk\Desktop\E-Shop\.venv\Lib\site-packages\django\utils\module_loading.py", line 15, in cached_import
    module = import_module(module_path)
  File "C:\Python 3\Lib\importlib\__init__.py", line 88, in import_module
    return _bootstrap._gcd_import(name[level:], package, level)
           ~~~~~~~~~~~~~~~~~~~~~~^^^^^^^^^^^^^^^^^^^^^^^^^^^^^^
  File "<frozen importlib._bootstrap>", line 1395, in _gcd_import
  File "<frozen importlib._bootstrap>", line 1360, in _find_and_load
  File "<frozen importlib._bootstrap>", line 1331, in _find_and_load_unlocked
  File "<frozen importlib._bootstrap>", line 935, in _load_unlocked
  File "<frozen importlib._bootstrap_external>", line 1023, in exec_module
  File "<frozen importlib._bootstrap>", line 488, in _call_with_frames_removed
  File "C:\Users\Omar Faruk\Desktop\E-Shop\setting\context_processors.py", line 1, in <module>
    from .models import SiteName, Logo, Footer
ImportError: cannot import name 'SiteName' from 'setting.models' (C:\Users\Omar Faruk\Desktop\E-Shop\setting\models.py)
[ERROR] 2026-08-25 13:43:03,072 django.server - "GET /en/ HTTP/1.1" 500 169846
[ERROR] 2026-08-25 13:43:33,525 django.request - Internal Server Error: /en/
Traceback (most recent call last):
  File "C:\Users\Omar Faruk\Desktop\E-Shop\.venv\Lib\site-packages\django\core\handlers\exception.py", line 55, in inner
    response = get_response(request)
  File "C:\Users\Omar Faruk\Desktop\E-Shop\.venv\Lib\site-packages\django\core\handlers\base.py", line 197, in _get_response
    response = wrapped_callback(request, *callback_args, **callback_kwargs)
  File "C:\Users\Omar Faruk\Desktop\E-Shop\.venv\Lib\site-packages\django\views\generic\base.py", line 105, in view
    return self.dispatch(request, *args, **kwargs)
           ~~~~~~~~~~~~~^^^^^^^^^^^^^^^^^^^^^^^^^^
  File "C:\Users\Omar Faruk\Desktop\E-Shop\.venv\Lib\site-packages\django\views\generic\base.py", line 144, in dispatch
    return handler(request, *args, **kwargs)
  File "C:\Users\Omar Faruk\Desktop\E-Shop\store\views.py", line 11, in get
    return render(request, "store/home.html", {"message": message})
  File "C:\Users\Omar Faruk\Desktop\E-Shop\.venv\Lib\site-packages\django\shortcuts.py", line 25, in render
    content = loader.render_to_string(template_name, context, request, using=using)
  File "C:\Users\Omar Faruk\Desktop\E-Shop\.venv\Lib\site-packages\django\template\loader.py", line 62, in render_to_string
    return template.render(context, request)
           ~~~~~~~~~~~~~~~^^^^^^^^^^^^^^^^^^
  File "C:\Users\Omar Faruk\Desktop\E-Shop\.venv\Lib\site-packages\django\template\backends\django.py", line 107, in render
    return self.template.render(context)
           ~~~~~~~~~~~~~~~~~~~~^^^^^^^^^
  File "C:\Users\Omar Faruk\Desktop\E-Shop\.venv\Lib\site-packages\django\template\base.py", line 170, in render
    with context.bind_template(self):
         ~~~~~~~~~~~~~~~~~~~~~^^^^^^
  File "C:\Python 3\Lib\contextlib.py", line 141, in __enter__
    return next(self.gen)
  File "C:\Users\Omar Faruk\Desktop\E-Shop\.venv\Lib\site-packages\django\template\context.py", line 256, in bind_template
    processors = template.engine.template_context_processors + self._processors
                 ^^^^^^^^^^^^^^^^^^^^^^^^^^^^^^^^^^^^^^^^^^^
  File "C:\Users\Omar Faruk\Desktop\E-Shop\.venv\Lib\site-packages\django\utils\functional.py", line 47, in __get__
    res = instance.__dict__[self.name] = self.func(instance)
                                         ~~~~~~~~~^^^^^^^^^^
  File "C:\Users\Omar Faruk\Desktop\E-Shop\.venv\Lib\site-packages\django\template\engine.py", line 118, in template_context_processors
    return tuple(import_string(path) for path in context_processors)
  File "C:\Users\Omar Faruk\Desktop\E-Shop\.venv\Lib\site-packages\django\template\engine.py", line 118, in <genexpr>
    return tuple(import_string(path) for path in context_processors)
                 ~~~~~~~~~~~~~^^^^^^
  File "C:\Users\Omar Faruk\Desktop\E-Shop\.venv\Lib\site-packages\django\utils\module_loading.py", line 30, in import_string
    return cached_import(module_path, class_name)
  File "C:\Users\Omar Faruk\Desktop\E-Shop\.venv\Lib\site-packages\django\utils\module_loading.py", line 15, in cached_import
    module = import_module(module_path)
  File "C:\Python 3\Lib\importlib\__init__.py", line 88, in import_module
    return _bootstrap._gcd_import(name[level:], package, level)
           ~~~~~~~~~~~~~~~~~~~~~~^^^^^^^^^^^^^^^^^^^^^^^^^^^^^^
  File "<frozen importlib._bootstrap>", line 1395, in _gcd_import
  File "<frozen importlib._bootstrap>", line 1360, in _find_and_load
  File "<frozen importlib._bootstrap>", line 1331, in _find_and_load_unlocked
  File "<frozen importlib._bootstrap>", line 935, in _load_unlocked
  File "<frozen importlib._bootstrap_external>", line 1023, in exec_module
  File "<frozen importlib._bootstrap>", line 488, in _call_with_frames_removed
  File "C:\Users\Omar Faruk\Desktop\E-Shop\setting\context_processors.py", line 1, in <module>
    from .models import SiteName, Logo, Footer
ImportError: cannot import name 'SiteName' from 'setting.models' (C:\Users\Omar Faruk\Desktop\E-Shop\setting\models.py)
[ERROR] 2026-08-25 13:43:33,529 django.server - "GET /en/ HTTP/1.1" 500 169846
